../Core/Src/main.c:101:5:main	40	static
../Core/Src/main.c:182:6:SystemClock_Config	88	static
../Core/Src/main.c:227:6:PeriphCommonClock_Config	32	static
../Core/Src/main.c:248:13:MX_CRC_Init	8	static
../Core/Src/main.c:274:13:MX_I2C1_Init	8	static
../Core/Src/main.c:308:13:MX_I2S2_Init	8	static
../Core/Src/main.c:342:13:MX_I2S3_Init	8	static
../Core/Src/main.c:376:13:MX_SPI1_Init	8	static
../Core/Src/main.c:414:13:MX_SPI4_Init	8	static
../Core/Src/main.c:452:13:MX_TIM3_Init	32	static
../Core/Src/main.c:495:13:MX_DMA_Init	16	static
../Core/Src/main.c:513:13:MX_GPIO_Init	56	static
../Core/Src/main.c:625:6:Error_Handler	4	static,ignoring_inline_asm
